[pixfort.website/themeforest/landing/flatpack/24_travel/24_travel.html]
[backblue.gif]
[fade.gif]
[index.html]
[pixfort.website/themeforest/landing/flatpack/24_travel/stylesheets/menu.css]
[pixfort.website/themeforest/landing/flatpack/24_travel/stylesheets/flat-ui-slider.css]
[pixfort.website/themeforest/landing/flatpack/24_travel/stylesheets/base.css]
[pixfort.website/themeforest/landing/flatpack/24_travel/stylesheets/skeleton.css]
[pixfort.website/themeforest/landing/flatpack/24_travel/stylesheets/landings.css]
[pixfort.website/themeforest/landing/flatpack/24_travel/stylesheets/main.css]
[pixfort.website/themeforest/landing/flatpack/24_travel/stylesheets/landings_layouts.css]
[pixfort.website/themeforest/landing/flatpack/24_travel/stylesheets/box.css]
[pixfort.website/themeforest/landing/flatpack/24_travel/stylesheets/pixicon.css]
[pixfort.website/themeforest/landing/flatpack/24_travel/images/favicon.ico]
[pixfort.website/themeforest/landing/flatpack/24_travel/images/main/logo.png]
[pixfort.website/themeforest/landing/flatpack/24_travel/images/main/1.jpg]
[pixfort.website/themeforest/landing/flatpack/24_travel/images/main/2.jpg]
[pixfort.website/themeforest/landing/flatpack/24_travel/images/main/3.jpg]
[pixfort.website/themeforest/landing/flatpack/24_travel/images/main/4.jpg]
[pixfort.website/themeforest/landing/flatpack/24_travel/images/main/logos/bigcommerce.png]
[pixfort.website/themeforest/landing/flatpack/24_travel/images/main/logos/foursquare.png]
[pixfort.website/themeforest/landing/flatpack/24_travel/images/main/logos/squarespace.png]
[pixfort.website/themeforest/landing/flatpack/24_travel/images/main/t1.png]
[pixfort.website/themeforest/landing/flatpack/24_travel/images/main/t2.png]
[pixfort.website/themeforest/landing/flatpack/24_travel/images/main/t3.png]
[pixfort.website/themeforest/landing/flatpack/24_travel/js/jquery-1.8.3.min.js]
[pixfort.website/themeforest/landing/flatpack/24_travel/js-files/jquery.easing.1.3.js]
[pixfort.website/themeforest/landing/flatpack/24_travel/js-files/jquery.common.min.js]
[pixfort.website/themeforest/landing/flatpack/24_travel/js-files/jquery.ui.touch-punch.min.js]
[pixfort.website/themeforest/landing/flatpack/24_travel/js-files/ticker.js]
[pixfort.website/themeforest/landing/flatpack/24_travel/js-files/bootstrap.min.js]
[pixfort.website/themeforest/landing/flatpack/24_travel/js-files/bootstrap-switch.js]
[pixfort.website/themeforest/landing/flatpack/24_travel/assets/js/appear.min.js]
[pixfort.website/themeforest/landing/flatpack/24_travel/js-files/custom1.js]
[pixfort.website/themeforest/landing/flatpack/24_travel/js-files/custom3.js]
[pixfort.website/themeforest/landing/flatpack/24_travel/24_travel.html]
[pixfort.website/themeforest/landing/flatpack/24_travel/assets/js/smoothscroll.min.js]
[pixfort.website/themeforest/landing/flatpack/24_travel/fonts/Flat-UI-Icons.eot]
[pixfort.website/themeforest/landing/flatpack/24_travel/fonts/Flat-UI-Iconsd41d.eot]
[pixfort.website/themeforest/landing/flatpack/24_travel/fonts/Flat-UI-Icons.woff]
[pixfort.website/themeforest/landing/flatpack/24_travel/fonts/Flat-UI-Icons.ttf]
[pixfort.website/themeforest/landing/flatpack/24_travel/stylesheets/menu.css]
[pixfort.website/themeforest/landing/flatpack/24_travel/fonts/lato/lato-black-webfont.eot]
[pixfort.website/themeforest/landing/flatpack/24_travel/fonts/lato/lato-black-webfontd41d.eot]
[pixfort.website/themeforest/landing/flatpack/24_travel/fonts/lato/lato-black-webfont.woff]
[pixfort.website/themeforest/landing/flatpack/24_travel/fonts/lato/lato-black-webfont.ttf]
[pixfort.website/themeforest/landing/flatpack/24_travel/fonts/lato/lato-bold-webfont.eot]
[pixfort.website/themeforest/landing/flatpack/24_travel/fonts/lato/lato-bold-webfontd41d.eot]
[pixfort.website/themeforest/landing/flatpack/24_travel/fonts/lato/lato-bold-webfont.woff]
[pixfort.website/themeforest/landing/flatpack/24_travel/fonts/lato/lato-bold-webfont.ttf]
[pixfort.website/themeforest/landing/flatpack/24_travel/fonts/lato/lato-bolditalic-webfont.eot]
[pixfort.website/themeforest/landing/flatpack/24_travel/fonts/lato/lato-bolditalic-webfontd41d.eot]
[pixfort.website/themeforest/landing/flatpack/24_travel/fonts/lato/lato-bolditalic-webfont.woff]
[pixfort.website/themeforest/landing/flatpack/24_travel/fonts/lato/lato-bolditalic-webfont.ttf]
[pixfort.website/themeforest/landing/flatpack/24_travel/fonts/lato/lato-italic-webfont.eot]
[pixfort.website/themeforest/landing/flatpack/24_travel/fonts/lato/lato-italic-webfontd41d.eot]
[pixfort.website/themeforest/landing/flatpack/24_travel/fonts/lato/lato-italic-webfont.woff]
[pixfort.website/themeforest/landing/flatpack/24_travel/fonts/lato/lato-italic-webfont.ttf]
[pixfort.website/themeforest/landing/flatpack/24_travel/fonts/lato/lato-light-webfont.eot]
[pixfort.website/themeforest/landing/flatpack/24_travel/fonts/lato/lato-light-webfontd41d.eot]
[pixfort.website/themeforest/landing/flatpack/24_travel/fonts/lato/lato-light-webfont.woff]
[pixfort.website/themeforest/landing/flatpack/24_travel/fonts/lato/lato-light-webfont.ttf]
[pixfort.website/themeforest/landing/flatpack/24_travel/fonts/lato/lato-regular-webfont.eot]
[pixfort.website/themeforest/landing/flatpack/24_travel/fonts/lato/lato-regular-webfontd41d.eot]
[pixfort.website/themeforest/landing/flatpack/24_travel/fonts/lato/lato-regular-webfont.woff]
[pixfort.website/themeforest/landing/flatpack/24_travel/fonts/lato/lato-regular-webfont.ttf]
[pixfort.website/themeforest/landing/flatpack/24_travel/stylesheets/flat-ui-slider.css]
[pixfort.website/themeforest/landing/flatpack/24_travel/stylesheets/base.css]
[pixfort.website/themeforest/landing/flatpack/24_travel/stylesheets/skeleton.css]
[pixfort.website/themeforest/landing/flatpack/24_travel/images/social_icons/yt.png]
[pixfort.website/themeforest/landing/flatpack/24_travel/images/social_icons/youtube-hover.png]
[pixfort.website/themeforest/landing/flatpack/24_travel/images/social_icons/twitter.png]
[pixfort.website/themeforest/landing/flatpack/24_travel/images/social_icons/twitter-hover.png]
[pixfort.website/themeforest/landing/flatpack/24_travel/images/social_icons/facebook.png]
[pixfort.website/themeforest/landing/flatpack/24_travel/images/social_icons/facebook-hover.png]
[pixfort.website/themeforest/landing/flatpack/24_travel/stylesheets/landings.css]
[pixfort.website/themeforest/landing/flatpack/24_travel/images/main/bg-hl-new.jpg]
[pixfort.website/themeforest/landing/flatpack/24_travel/images/main/newsletter-pattern.png]
[pixfort.website/themeforest/landing/flatpack/24_travel/stylesheets/main.css]
[pixfort.website/themeforest/landing/flatpack/24_travel/stylesheets/landings_layouts.css]
[pixfort.website/themeforest/landing/flatpack/24_travel/stylesheets/img/sprite.png]
[pixfort.website/themeforest/landing/flatpack/24_travel/stylesheets/img/loading.gif]
[pixfort.website/themeforest/landing/flatpack/24_travel/stylesheets/img/X.png]
[pixfort.website/themeforest/landing/flatpack/24_travel/stylesheets/box.css]
[pixfort.website/themeforest/landing/flatpack/24_travel/fonts/flatpacke52c.eot]
[pixfort.website/themeforest/landing/flatpack/24_travel/fonts/flatpackd41d.eot]
[pixfort.website/themeforest/landing/flatpack/24_travel/fonts/flatpacke52c.woff]
[pixfort.website/themeforest/landing/flatpack/24_travel/fonts/flatpacke52c.ttf]
[pixfort.website/themeforest/landing/flatpack/24_travel/stylesheets/pixicon.css]
[pixfort.website/themeforest/landing/flatpack/24_travel/images/apple-touch-icon.html]
[pixfort.website/themeforest/landing/flatpack/24_travel/images/apple-touch-icon-72x72.html]
[pixfort.website/themeforest/landing/flatpack/24_travel/images/apple-touch-icon-114x114.html]
[pixfort.website/themeforest/landing/flatpack/24_travel/fonts/Flat-UI-Icons.svg]
[pixfort.website/themeforest/landing/flatpack/24_travel/fonts/lato/lato-black-webfont.svg]
[pixfort.website/themeforest/landing/flatpack/24_travel/fonts/lato/lato-bold-webfont.svg]
[pixfort.website/themeforest/landing/flatpack/24_travel/fonts/lato/lato-bolditalic-webfont.svg]
[pixfort.website/themeforest/landing/flatpack/24_travel/fonts/lato/lato-italic-webfont.svg]
[pixfort.website/themeforest/landing/flatpack/24_travel/fonts/lato/lato-light-webfont.svg]
[pixfort.website/themeforest/landing/flatpack/24_travel/fonts/lato/lato-regular-webfont.svg]
[pixfort.website/themeforest/landing/flatpack/24_travel/images/1_normal/home-bg.html]
[pixfort.website/themeforest/landing/flatpack/24_travel/images/2_corporate/bg.html]
[pixfort.website/themeforest/landing/flatpack/24_travel/images/2_corporate/map.html]
[pixfort.website/themeforest/landing/flatpack/24_travel/images/2_corporate/bg2.html]
[pixfort.website/themeforest/landing/flatpack/24_travel/images/3_app/bg.html]
[pixfort.website/themeforest/landing/flatpack/24_travel/images/Social_icons/yt.html]
[pixfort.website/themeforest/landing/flatpack/24_travel/images/Social_icons/youtube-hover.html]
[pixfort.website/themeforest/landing/flatpack/24_travel/images/Social_icons/twitter.html]
[pixfort.website/themeforest/landing/flatpack/24_travel/images/Social_icons/twitter-hover.html]
[pixfort.website/themeforest/landing/flatpack/24_travel/images/Social_icons/facebook.html]
[pixfort.website/themeforest/landing/flatpack/24_travel/images/Social_icons/facebook-hover.html]
[pixfort.website/themeforest/landing/flatpack/24_travel/images/4_real_estate/bg.html]
[pixfort.website/themeforest/landing/flatpack/24_travel/images/5_hotel/Bg.html]
[pixfort.website/themeforest/landing/flatpack/24_travel/images/6_university/bg.html]
[pixfort.website/themeforest/landing/flatpack/24_travel/images/7_shop_products/bg.html]
[pixfort.website/themeforest/landing/flatpack/24_travel/images/7_shop_products/1.html]
[pixfort.website/themeforest/landing/flatpack/24_travel/images/7_shop_products/2.html]
[pixfort.website/themeforest/landing/flatpack/24_travel/images/7_shop_products/3.html]
[pixfort.website/themeforest/landing/flatpack/24_travel/images/8_ecourse/bg.html]
[pixfort.website/themeforest/landing/flatpack/24_travel/images/8_ecourse/1.html]
[pixfort.website/themeforest/landing/flatpack/24_travel/images/8_ecourse/2.html]
[pixfort.website/themeforest/landing/flatpack/24_travel/images/8_ecourse/3.html]
[pixfort.website/themeforest/landing/flatpack/24_travel/images/9_ebook/bg.html]
[pixfort.website/themeforest/landing/flatpack/24_travel/images/10_business/bg.html]
[pixfort.website/themeforest/landing/flatpack/24_travel/images/13_gym/bg.html]
[pixfort.website/themeforest/landing/flatpack/24_travel/images/14_agency/bg.html]
[pixfort.website/themeforest/landing/flatpack/24_travel/images/15_party/bg.html]
[pixfort.website/themeforest/landing/flatpack/24_travel/images/19_new_subscribe/pattern-subscribe.html]
[demosthenes.info/assets/images/polina.html]
[pixfort.website/themeforest/landing/flatpack/24_travel/images/16_medical/bg2.html]
[pixfort.website/themeforest/landing/flatpack/24_travel/images/16_medical/img2.html]
[pixfort.website/themeforest/landing/flatpack/24_travel/images/18_elegant/Hero-Header.html]
[pixfort.website/themeforest/landing/flatpack/24_travel/images/20_construction/construction-work-building-bg.html]
[pixfort.website/themeforest/landing/flatpack/24_travel/images/20_construction/bg1.html]
[pixfort.website/themeforest/landing/flatpack/24_travel/images/main/cta-bg.html]
[pixfort.website/themeforest/landing/flatpack/24_travel/images/main/hl-6.html]
[pixfort.website/themeforest/landing/flatpack/24_travel/images/main/hl-7.html]
[pixfort.website/themeforest/landing/flatpack/24_travel/images/main/pattern.html]
[pixfort.website/themeforest/landing/flatpack/24_travel/images/main/image-intro.html]
[pixfort.website/themeforest/landing/flatpack/24_travel/fonts/flatpacke52c.svg]
